
> lb-tw-revamp@0.0.0 build
> vite build

[36mvite v7.3.1 [32mbuilding client environment for production...[36m[39m
transforming...
[32mΓ£ô[39m 1801 modules transformed.
rendering chunks...
computing gzip size...
[2mdist/[22m[32mindex.html                     [39m[1m[2m  0.75 kB[22m[1m[22m[2m Γöé gzip:   0.41 kB[22m
[2mdist/[22m[32massets/lion-logo-CXapKG9i.png  [39m[1m[2m  6.94 kB[22m[1m[22m
[2mdist/[22m[35massets/index-CKKLga5q.css      [39m[1m[2m 14.85 kB[22m[1m[22m[2m Γöé gzip:   3.48 kB[22m
[2mdist/[22m[36massets/index-DsE_C_Lw.js       [39m[1m[2m317.71 kB[22m[1m[22m[2m Γöé gzip: 100.69 kB[22m
[32mΓ£ô built in 2.57s[39m
